<?xml version="1.0" encoding="UTF-8"?>
<TestRun id="f37715ac-c65e-4054-91cc-b7b664182d9d" name="mcoffey@BOOTCAMP 2012-07-03 16:48:38" runUser="Bootcamp\mcoffey" xmlns="http://microsoft.com/schemas/VisualStudio/TeamTest/2010">
  <TestSettings name="Default Test Settings" id="0d15667c-fcde-48e3-99bb-78a358a6cb3a">
    <Deployment runDeploymentRoot="mcoffey_BOOTCAMP 2012-07-03 16_48_38">
      <DeploymentItem filename="C:\Users\mcoffey\EF_Project\RateMyAmenity2\RateMyAmenity\packages\Microsoft.AspNet.Web.Optimization.1.0.0-beta2\lib\net40\System.Web.Optimization.dll" />
      <DeploymentItem filename="C:\Program Files\Microsoft ASP.NET\ASP.NET MVC 4\Assemblies\System.Net.Http.WebRequest.dll" />
      <DeploymentItem filename="C:\Program Files\Microsoft ASP.NET\ASP.NET MVC 4\Assemblies\System.Web.Http.WebHost.dll" />
      <DeploymentItem filename="C:\Program Files\Microsoft ASP.NET\ASP.NET MVC 4\Assemblies\System.Net.Http.Formatting.dll" />
      <DeploymentItem filename="C:\Users\mcoffey\EF_Project\RateMyAmenity2\RateMyAmenity\packages\WebGrease.1.0.0\lib\Antlr3.Runtime.dll" />
      <DeploymentItem filename="C:\Program Files\Microsoft ASP.NET\ASP.NET Web Pages\v2.0\Assemblies\System.Web.WebPages.Deployment.dll" />
      <DeploymentItem filename="C:\Program Files\Microsoft ASP.NET\ASP.NET MVC 4\Assemblies\System.Net.Http.dll" />
      <DeploymentItem filename="C:\Program Files\Microsoft ASP.NET\ASP.NET Web Pages\v2.0\Assemblies\System.Web.Razor.dll" />
      <DeploymentItem filename="C:\Users\mcoffey\EF_Project\RateMyAmenity2\RateMyAmenity\packages\Newtonsoft.Json.4.5.1\lib\net40\Newtonsoft.Json.dll" />
      <DeploymentItem filename="C:\Program Files\Microsoft ASP.NET\ASP.NET Web Pages\v2.0\Assemblies\System.Web.WebPages.dll" />
      <DeploymentItem filename="C:\Users\mcoffey\EF_Project\RateMyAmenity2\RateMyAmenity\packages\Microsoft.AspNet.Providers.Core.1.0\lib\net40\System.Web.Providers.dll" />
      <DeploymentItem filename="C:\Users\mcoffey\EF_Project\RateMyAmenity2\RateMyAmenity\packages\EntityFramework.5.0.0-rc\lib\net40\EntityFramework.dll" />
      <DeploymentItem filename="C:\Program Files\Microsoft ASP.NET\ASP.NET Web Pages\v2.0\Assemblies\System.Web.Helpers.dll" />
      <DeploymentItem filename="C:\Program Files\Microsoft ASP.NET\ASP.NET Web Pages\v2.0\Assemblies\Microsoft.Web.Infrastructure.dll" />
      <DeploymentItem filename="C:\Users\mcoffey\EF_Project\RateMyAmenity2\RateMyAmenity\packages\WebGrease.1.0.0\lib\WebGrease.dll" />
      <DeploymentItem filename="C:\Program Files\Microsoft ASP.NET\ASP.NET Web Pages\v2.0\Assemblies\System.Web.WebPages.Razor.dll" />
      <DeploymentItem filename="C:\Program Files\Microsoft ASP.NET\ASP.NET MVC 4\Assemblies\System.Web.Http.dll" />
      <DeploymentItem filename="C:\Program Files\Microsoft ASP.NET\ASP.NET MVC 4\Assemblies\System.Web.Mvc.dll" />
      <DeploymentItem filename="C:\Users\mcoffey\EF_Project\RateMyAmenity2\RateMyAmenity\RateMyAmenity\bin\RateMyAmenity.dll" />
    </Deployment>
    <Execution>
      <TestTypeSpecific />
      <AgentRule name="Execution Agents">
      </AgentRule>
    </Execution>
  </TestSettings>
  <Times creation="2012-07-03T16:48:38.0350000+01:00" queuing="2012-07-03T16:48:38.7020000+01:00" start="2012-07-03T16:48:38.7230000+01:00" finish="2012-07-03T16:48:41.8000000+01:00" />
  <ResultSummary outcome="Error">
    <Counters total="6" executed="6" passed="4" error="2" failed="0" timeout="0" aborted="0" inconclusive="0" passedButRunAborted="0" notRunnable="0" notExecuted="0" disconnected="0" warning="0" completed="0" inProgress="0" pending="0" />
  </ResultSummary>
  <TestDefinitions>
    <UnitTest name="supportsTypeTest2" storage="c:\users\mcoffey\ef_project\ratemyamenity2\ratemyamenity\csvparsertest\bin\debug\csvparsertest.dll" id="e1252009-4a8c-0eba-c607-bfb1a3f6e85f">
      <Execution id="9f06b9b6-6ce9-477d-8457-1d33cb6a35ec" />
      <TestMethod codeBase="C:/Users/mcoffey/EF_Project/RateMyAmenity2/RateMyAmenity/CSVParserTest/bin/Debug/CSVParserTest.DLL" adapterTypeName="Microsoft.VisualStudio.TestTools.TestTypes.Unit.UnitTestAdapter, Microsoft.VisualStudio.QualityTools.Tips.UnitTest.Adapter, Version=10.0.0.0, Culture=neutral, PublicKeyToken=b03f5f7f11d50a3a" className="CSVParserTest.CSVParserTest, CSVParserTest, Version=1.0.0.0, Culture=neutral, PublicKeyToken=null" name="supportsTypeTest2" />
    </UnitTest>
    <UnitTest name="CSVParserConstructorTest" storage="c:\users\mcoffey\ef_project\ratemyamenity2\ratemyamenity\csvparsertest\bin\debug\csvparsertest.dll" id="6a236c91-4f56-e5e7-4e69-8b4243ab49ca">
      <Execution id="34a3d0ff-7249-4685-be9d-a31085ae7d62" />
      <TestMethod codeBase="C:/Users/mcoffey/EF_Project/RateMyAmenity2/RateMyAmenity/CSVParserTest/bin/Debug/CSVParserTest.DLL" adapterTypeName="Microsoft.VisualStudio.TestTools.TestTypes.Unit.UnitTestAdapter, Microsoft.VisualStudio.QualityTools.Tips.UnitTest.Adapter, Version=10.0.0.0, Culture=neutral, PublicKeyToken=b03f5f7f11d50a3a" className="CSVParserTest.CSVParserTest, CSVParserTest, Version=1.0.0.0, Culture=neutral, PublicKeyToken=null" name="CSVParserConstructorTest" />
      <AspNet webSiteUrl="http://localhost:57136/">
        <Host pathToWebApp="C:\Users\mcoffey\EF_Project\RateMyAmenity\RateMyAmenity" webAppRoot="/" />
      </AspNet>
    </UnitTest>
    <UnitTest name="supportsTypeTest1" storage="c:\users\mcoffey\ef_project\ratemyamenity2\ratemyamenity\csvparsertest\bin\debug\csvparsertest.dll" id="705aa877-230b-8f1f-afe4-86fae479dc72">
      <Execution id="ed8968c3-65f8-4460-b8fe-82f65e07ce42" />
      <TestMethod codeBase="C:/Users/mcoffey/EF_Project/RateMyAmenity2/RateMyAmenity/CSVParserTest/bin/Debug/CSVParserTest.DLL" adapterTypeName="Microsoft.VisualStudio.TestTools.TestTypes.Unit.UnitTestAdapter, Microsoft.VisualStudio.QualityTools.Tips.UnitTest.Adapter, Version=10.0.0.0, Culture=neutral, PublicKeyToken=b03f5f7f11d50a3a" className="CSVParserTest.CSVParserTest, CSVParserTest, Version=1.0.0.0, Culture=neutral, PublicKeyToken=null" name="supportsTypeTest1" />
    </UnitTest>
    <UnitTest name="supportsTypeTest3" storage="c:\users\mcoffey\ef_project\ratemyamenity2\ratemyamenity\csvparsertest\bin\debug\csvparsertest.dll" id="42db4b39-5203-7b6a-39b8-2800988ca319">
      <Execution id="2465e54d-b56c-4129-8f92-aca6339c5bb8" />
      <TestMethod codeBase="C:/Users/mcoffey/EF_Project/RateMyAmenity2/RateMyAmenity/CSVParserTest/bin/Debug/CSVParserTest.DLL" adapterTypeName="Microsoft.VisualStudio.TestTools.TestTypes.Unit.UnitTestAdapter, Microsoft.VisualStudio.QualityTools.Tips.UnitTest.Adapter, Version=10.0.0.0, Culture=neutral, PublicKeyToken=b03f5f7f11d50a3a" className="CSVParserTest.CSVParserTest, CSVParserTest, Version=1.0.0.0, Culture=neutral, PublicKeyToken=null" name="supportsTypeTest3" />
    </UnitTest>
    <UnitTest name="parseAmenityTest" storage="c:\users\mcoffey\ef_project\ratemyamenity2\ratemyamenity\csvparsertest\bin\debug\csvparsertest.dll" id="4ec337bb-1073-d5fb-57c0-bb93a94fbb6d">
      <DeploymentItems>
        <DeploymentItem filename="RateMyAmenity.dll" />
      </DeploymentItems>
      <Execution id="9a45707a-7948-43a8-9ec5-9078cfa99dc1" />
      <TestMethod codeBase="C:/Users/mcoffey/EF_Project/RateMyAmenity2/RateMyAmenity/CSVParserTest/bin/Debug/CSVParserTest.DLL" adapterTypeName="Microsoft.VisualStudio.TestTools.TestTypes.Unit.UnitTestAdapter, Microsoft.VisualStudio.QualityTools.Tips.UnitTest.Adapter, Version=10.0.0.0, Culture=neutral, PublicKeyToken=b03f5f7f11d50a3a" className="CSVParserTest.CSVParserTest, CSVParserTest, Version=1.0.0.0, Culture=neutral, PublicKeyToken=null" name="parseAmenityTest" />
      <AspNet webSiteUrl="http://localhost:57136/">
        <Host pathToWebApp="C:\Users\mcoffey\EF_Project\RateMyAmenity\RateMyAmenity" webAppRoot="/" />
      </AspNet>
    </UnitTest>
    <UnitTest name="setStreamSourceTest" storage="c:\users\mcoffey\ef_project\ratemyamenity2\ratemyamenity\csvparsertest\bin\debug\csvparsertest.dll" id="cbe7228b-9640-f481-7a05-a1d64c3d6e64">
      <Execution id="8a2aaf09-9147-4690-b04a-b309617ace31" />
      <TestMethod codeBase="C:/Users/mcoffey/EF_Project/RateMyAmenity2/RateMyAmenity/CSVParserTest/bin/Debug/CSVParserTest.DLL" adapterTypeName="Microsoft.VisualStudio.TestTools.TestTypes.Unit.UnitTestAdapter, Microsoft.VisualStudio.QualityTools.Tips.UnitTest.Adapter, Version=10.0.0.0, Culture=neutral, PublicKeyToken=b03f5f7f11d50a3a" className="CSVParserTest.CSVParserTest, CSVParserTest, Version=1.0.0.0, Culture=neutral, PublicKeyToken=null" name="setStreamSourceTest" />
    </UnitTest>
  </TestDefinitions>
  <TestLists>
    <TestList name="Results Not in a List" id="8c84fa94-04c1-424b-9868-57a2d4851a1d" />
    <TestList name="All Loaded Results" id="19431567-8539-422a-85d7-44ee4e166bda" />
  </TestLists>
  <TestEntries>
    <TestEntry testId="42db4b39-5203-7b6a-39b8-2800988ca319" executionId="2465e54d-b56c-4129-8f92-aca6339c5bb8" testListId="8c84fa94-04c1-424b-9868-57a2d4851a1d" />
    <TestEntry testId="4ec337bb-1073-d5fb-57c0-bb93a94fbb6d" executionId="9a45707a-7948-43a8-9ec5-9078cfa99dc1" testListId="8c84fa94-04c1-424b-9868-57a2d4851a1d" />
    <TestEntry testId="6a236c91-4f56-e5e7-4e69-8b4243ab49ca" executionId="34a3d0ff-7249-4685-be9d-a31085ae7d62" testListId="8c84fa94-04c1-424b-9868-57a2d4851a1d" />
    <TestEntry testId="705aa877-230b-8f1f-afe4-86fae479dc72" executionId="ed8968c3-65f8-4460-b8fe-82f65e07ce42" testListId="8c84fa94-04c1-424b-9868-57a2d4851a1d" />
    <TestEntry testId="cbe7228b-9640-f481-7a05-a1d64c3d6e64" executionId="8a2aaf09-9147-4690-b04a-b309617ace31" testListId="8c84fa94-04c1-424b-9868-57a2d4851a1d" />
    <TestEntry testId="e1252009-4a8c-0eba-c607-bfb1a3f6e85f" executionId="9f06b9b6-6ce9-477d-8457-1d33cb6a35ec" testListId="8c84fa94-04c1-424b-9868-57a2d4851a1d" />
  </TestEntries>
  <Results>
    <UnitTestResult executionId="2465e54d-b56c-4129-8f92-aca6339c5bb8" testId="42db4b39-5203-7b6a-39b8-2800988ca319" testName="supportsTypeTest3" computerName="BOOTCAMP" duration="00:00:00.0218012" startTime="2012-07-03T16:48:38.9980000+01:00" endTime="2012-07-03T16:48:39.3330000+01:00" testType="13cdc9d9-ddb5-4fa4-a97d-d965ccfc6d4b" outcome="Passed" testListId="8c84fa94-04c1-424b-9868-57a2d4851a1d" relativeResultsDirectory="2465e54d-b56c-4129-8f92-aca6339c5bb8">
    </UnitTestResult>
    <UnitTestResult executionId="9a45707a-7948-43a8-9ec5-9078cfa99dc1" testId="4ec337bb-1073-d5fb-57c0-bb93a94fbb6d" testName="parseAmenityTest" computerName="BOOTCAMP" duration="00:00:01.2310000" startTime="2012-07-03T16:48:39.3410000+01:00" endTime="2012-07-03T16:48:40.5720000+01:00" testType="13cdc9d9-ddb5-4fa4-a97d-d965ccfc6d4b" testListId="8c84fa94-04c1-424b-9868-57a2d4851a1d" relativeResultsDirectory="9a45707a-7948-43a8-9ec5-9078cfa99dc1">
      <Output>
        <ErrorInfo>
          <Message>The test adapter 'WebHostAdapter' threw an exception while running test 'parseAmenityTest'. The web site could not be configured correctly; getting ASP.NET process information failed. Requesting 'http://localhost:57136/VSEnterpriseHelper.axd' returned an error: The remote server returned an error: (404) Not Found.
The remote server returned an error: (404) Not Found.</Message>
        </ErrorInfo>
      </Output>
    </UnitTestResult>
    <UnitTestResult executionId="34a3d0ff-7249-4685-be9d-a31085ae7d62" testId="6a236c91-4f56-e5e7-4e69-8b4243ab49ca" testName="CSVParserConstructorTest" computerName="BOOTCAMP" duration="00:00:01.1280000" startTime="2012-07-03T16:48:40.5770000+01:00" endTime="2012-07-03T16:48:41.7050000+01:00" testType="13cdc9d9-ddb5-4fa4-a97d-d965ccfc6d4b" testListId="8c84fa94-04c1-424b-9868-57a2d4851a1d" relativeResultsDirectory="34a3d0ff-7249-4685-be9d-a31085ae7d62">
      <Output>
        <ErrorInfo>
          <Message>The test adapter 'WebHostAdapter' threw an exception while running test 'CSVParserConstructorTest'. The web site could not be configured correctly; getting ASP.NET process information failed. Requesting 'http://localhost:57136/VSEnterpriseHelper.axd' returned an error: The remote server returned an error: (404) Not Found.
The remote server returned an error: (404) Not Found.</Message>
        </ErrorInfo>
      </Output>
    </UnitTestResult>
    <UnitTestResult executionId="ed8968c3-65f8-4460-b8fe-82f65e07ce42" testId="705aa877-230b-8f1f-afe4-86fae479dc72" testName="supportsTypeTest1" computerName="BOOTCAMP" duration="00:00:00.0002989" startTime="2012-07-03T16:48:41.7160000+01:00" endTime="2012-07-03T16:48:41.7270000+01:00" testType="13cdc9d9-ddb5-4fa4-a97d-d965ccfc6d4b" outcome="Passed" testListId="8c84fa94-04c1-424b-9868-57a2d4851a1d" relativeResultsDirectory="ed8968c3-65f8-4460-b8fe-82f65e07ce42">
    </UnitTestResult>
    <UnitTestResult executionId="8a2aaf09-9147-4690-b04a-b309617ace31" testId="cbe7228b-9640-f481-7a05-a1d64c3d6e64" testName="setStreamSourceTest" computerName="BOOTCAMP" duration="00:00:00.0176477" startTime="2012-07-03T16:48:41.7310000+01:00" endTime="2012-07-03T16:48:41.7520000+01:00" testType="13cdc9d9-ddb5-4fa4-a97d-d965ccfc6d4b" outcome="Passed" testListId="8c84fa94-04c1-424b-9868-57a2d4851a1d" relativeResultsDirectory="8a2aaf09-9147-4690-b04a-b309617ace31">
    </UnitTestResult>
    <UnitTestResult executionId="9f06b9b6-6ce9-477d-8457-1d33cb6a35ec" testId="e1252009-4a8c-0eba-c607-bfb1a3f6e85f" testName="supportsTypeTest2" computerName="BOOTCAMP" duration="00:00:00.0002788" startTime="2012-07-03T16:48:41.7550000+01:00" endTime="2012-07-03T16:48:41.7600000+01:00" testType="13cdc9d9-ddb5-4fa4-a97d-d965ccfc6d4b" outcome="Passed" testListId="8c84fa94-04c1-424b-9868-57a2d4851a1d" relativeResultsDirectory="9f06b9b6-6ce9-477d-8457-1d33cb6a35ec">
    </UnitTestResult>
  </Results>
</TestRun>